/*
 * $FreeBSD$
 */

/*
 * This only needs to contain symbols that are not listed in
 * symbol maps from other parts of libc (i.e., not found in
 * stdlib/Symbol.map, string/Symbol.map, sys/Symbol.map, ...).
 */
FBSD_1.0 {
	/* PSEUDO syscalls */
	_exit;

	.mcount;
	_setjmp;
	_longjmp;
	fabs;
	__flt_rounds;
	fpgetmask;
	fpgetprec;
	fpgetround;
	fpgetsticky;
	fpsetmask;
	fpsetprec;
	fpsetround;
	__infinity;
	__nan;
	makecontext;
	rfork_thread;
	setjmp;
	longjmp;
	sigsetjmp;
	siglongjmp;
	htonl;
	htons;
	ntohl;
	ntohs;
	amd64_get_fsbase;
	amd64_get_gsbase;
	amd64_set_fsbase;
	amd64_set_gsbase;
	brk;
	exect;
	sbrk;
	vfork;
};

/*
 *
 * FreeBSD private ABI
 *
 */
FBSDprivate_1.0 {
	/* PSEUDO syscalls */
	__sys_getlogin;
	_getlogin;
	__sys_exit;

	_set_tp;
	___longjmp;
	__makecontext;
	__longjmp;
	__signalcontext;
	signalcontext;
	__siglongjmp;
	_brk;
	_end;
	__sys_vfork;
	_vfork;

	/* SSE/AVX string operation variants */
	memcpy_sse2_aligned;
	memmove_sse2_aligned;
	bcopy_sse2_aligned;
	memcpy_sse2_unaligned;
	memmove_sse2_unaligned;
	bcopy_sse2_unaligned;
	memcpy_avx_256;
	memmove_avx_256;
	bcopy_avx_256;
	memcpy_erms;
	memmove_erms;
	bcopy_erms;
	memset_sse2_aligned;
	memset_sse2_unaligned;
	memset_ssse3_aligned;
	memset_ssse3_unaligned;
	memset_avx_128;
	memset_avx_256;
	memset_avx2_256;
	memset_erms;
	strlen_sse2;
	strlen_sse42;
	strlen_avx;
	strlen_avx2;
	strlen_erms;
	memcmp_sse2_aligned;
	memcmp_sse2_unaligned;
	memcmp_erms;
};
